// Jest Snapshot v1, https://goo.gl/fbAQLP

exports[`custom schema 1`] = `
[
  "doc",
  "orderedList",
  "bulletList",
  "listItem",
  "paragraph",
  "text",
  "horizontalRule",
  "atomInline",
  "atomBlock",
  "atomContainer",
  "containerWithRestrictedContent",
  "table",
  "table_row",
  "table_cell",
  "table_header",
  "blockquote",
  "heading",
  "code_block",
  "hard_break",
  "image",
]
`;

exports[`custom schema 2`] = `
[
  "link",
  "em",
  "strong",
  "code",
  "strike",
]
`;

exports[`dynamic schema attributes should dynamically add attributes when configured 1`] = `
<div
  contenteditable="true"
  translate="no"
  role="textbox"
  aria-multiline="true"
  aria-label
  class="ProseMirror remirror-editor"
>
  <h1>
    This is a heading
    <br class="ProseMirror-trailingBreak">
  </h1>
  <p id="1">
    Welcome to the
    <strong id="1">
      bold experiment
    </strong>
    <br class="ProseMirror-trailingBreak">
  </p>
  <p id="2">
    <br class="ProseMirror-trailingBreak">
  </p>
  <p id="3">
    <br class="ProseMirror-trailingBreak">
  </p>
  <p id="4">
    <br class="ProseMirror-trailingBreak">
  </p>
</div>
`;

exports[`dynamic schema attributes should dynamically add attributes when configured: <div contenteditable="true" translate="no" role="textbox" aria-multiline="true" aria-label="" class="ProseMirror remirror-editor"><h1>This is a heading
<br class="ProseMirror-trailingBreak"></h1><p id="1">Welcome to the <strong id="1">bold experiment
</strong><br class="ProseMirror-trailingBreak"></p><p id="2">
<br class="ProseMirror-trailingBreak"></p><p id="3">
<br class="ProseMirror-trailingBreak"></p><p id="4"><br class="ProseMirror-trailingBreak"></p></div> 1`] = `
<div
  contenteditable="true"
  translate="no"
  role="textbox"
  aria-multiline="true"
  aria-label
  class="ProseMirror remirror-editor"
>
  <h1>
    This is a heading
    <br class="ProseMirror-trailingBreak">
  </h1>
  <p id="1">
    Welcome to the
    <strong id="1">
      bold experiment
    </strong>
    <br class="ProseMirror-trailingBreak">
  </p>
  <p id="2">
    <br class="ProseMirror-trailingBreak">
  </p>
  <p id="3">
    <br class="ProseMirror-trailingBreak">
  </p>
  <p id="4">
    <br class="ProseMirror-trailingBreak">
  </p>
</div>
`;
